// Jest Snapshot v1, https://goo.gl/fbAQLP

exports[`StreamDLQDecoder creates expected resources 1`] = `
{
  "Parameters": {
    "BootstrapVersion": {
      "Default": "/cdk-bootstrap/hnb659fds/version",
      "Description": "Version of the CDK Bootstrap resources in this environment, automatically retrieved from SSM Parameter Store. [cdk:skip]",
      "Type": "AWS::SSM::Parameter::Value<String>",
    },
  },
  "Resources": {
    "MyTestConstructMyTestConstructFunction59CBE4CB": {
      "DependsOn": [
        "MyTestConstructMyTestConstructRoleDefaultPolicyC6859E17",
        "MyTestConstructMyTestConstructRole732E1DEC",
      ],
      "Properties": {
        "Code": {
          "S3Bucket": {
            "Fn::Sub": "cdk-hnb659fds-assets-\${AWS::AccountId}-\${AWS::Region}",
          },
          "S3Key": "43223157c0b5ad897d02b723fb9f17bb12c9f86bfc078cd6cca6a37ff6c6c402.zip",
        },
        "Handler": "bootstrap",
        "Role": {
          "Fn::GetAtt": [
            "MyTestConstructMyTestConstructRole732E1DEC",
            "Arn",
          ],
        },
        "Runtime": "provided.al2023",
      },
      "Type": "AWS::Lambda::Function",
    },
    "MyTestConstructMyTestConstructFunctionSqsEventSourceTestStackMockDLQ51EA77B3751DAE56": {
      "Properties": {
        "EventSourceArn": "arn:aws:sqs:us-east-1:123456789012:MockDLQ",
        "FunctionName": {
          "Ref": "MyTestConstructMyTestConstructFunction59CBE4CB",
        },
      },
      "Type": "AWS::Lambda::EventSourceMapping",
    },
    "MyTestConstructMyTestConstructQueue2986537C": {
      "DeletionPolicy": "Delete",
      "Properties": {
        "MessageRetentionPeriod": 1209600,
      },
      "Type": "AWS::SQS::Queue",
      "UpdateReplacePolicy": "Delete",
    },
    "MyTestConstructMyTestConstructRole732E1DEC": {
      "Properties": {
        "AssumeRolePolicyDocument": {
          "Statement": [
            {
              "Action": "sts:AssumeRole",
              "Effect": "Allow",
              "Principal": {
                "Service": "lambda.amazonaws.com",
              },
            },
          ],
          "Version": "2012-10-17",
        },
      },
      "Type": "AWS::IAM::Role",
    },
    "MyTestConstructMyTestConstructRoleDefaultPolicyC6859E17": {
      "Properties": {
        "PolicyDocument": {
          "Statement": [
            {
              "Action": "dynamodb:ListStreams",
              "Effect": "Allow",
              "Resource": "*",
            },
            {
              "Action": [
                "dynamodb:DescribeStream",
                "dynamodb:GetRecords",
                "dynamodb:GetShardIterator",
              ],
              "Effect": "Allow",
              "Resource": "arn:aws:dynamodb:us-east-1:123456789012:table/MockTable/stream/2023-11-22T00:00:00.000",
            },
            {
              "Action": [
                "sqs:ReceiveMessage",
                "sqs:ChangeMessageVisibility",
                "sqs:GetQueueUrl",
                "sqs:DeleteMessage",
                "sqs:GetQueueAttributes",
              ],
              "Effect": "Allow",
              "Resource": "arn:aws:sqs:us-east-1:123456789012:MockDLQ",
            },
            {
              "Action": [
                "sqs:SendMessage",
                "sqs:GetQueueAttributes",
                "sqs:GetQueueUrl",
              ],
              "Effect": "Allow",
              "Resource": {
                "Fn::GetAtt": [
                  "MyTestConstructMyTestConstructQueue2986537C",
                  "Arn",
                ],
              },
            },
          ],
          "Version": "2012-10-17",
        },
        "PolicyName": "MyTestConstructMyTestConstructRoleDefaultPolicyC6859E17",
        "Roles": [
          {
            "Ref": "MyTestConstructMyTestConstructRole732E1DEC",
          },
        ],
      },
      "Type": "AWS::IAM::Policy",
    },
  },
  "Rules": {
    "CheckBootstrapVersion": {
      "Assertions": [
        {
          "Assert": {
            "Fn::Not": [
              {
                "Fn::Contains": [
                  [
                    "1",
                    "2",
                    "3",
                    "4",
                    "5",
                  ],
                  {
                    "Ref": "BootstrapVersion",
                  },
                ],
              },
            ],
          },
          "AssertDescription": "CDK bootstrap stack version 6 required. Please run 'cdk bootstrap' with a recent version of the CDK CLI.",
        },
      ],
    },
  },
}
`;
